[1:1-1:3] C_INTEGER:10
[1:3-1:4] OP_ADD:+
[1:4-1:8] C_INTEGER:0020
EOF:$