[1:1-1:5] C_LOGICAL:true
[3:3-3:5] OP_LEQ:<=
[3:5-3:6] OP_AND:&
[5:6-5:11] C_LOGICAL:false
EOF:$