[1:1-1:3] C_INTEGER:123
[2:1-2:12] C_STRING:dsd23123'
[2:14-2:16] C_INTEGER:321
[3:1] OP_ADD:+
[3:2-3:3] OP_EQ:==
[3:4-3:44] C_INTEGER:12345678902134532452394857193087451983475
[3:45-3:46] OP_GEQ:>=
[4:1-4:7] IDENTIFIER:ddd1234
[4:9-4:12] C_INTEGER:5678
[5:1-5:3] C_INTEGER:123
EOF:$