[1:1-1:2] C_STRING:
[1:3-1:4] OP_EQ:==
[1:5-1:8] C_STRING:'
[1:10-1:18] C_STRING:aaaaaaa
[2:1-2:4] C_STRING:'
[3:1-3:10] C_STRING:test'nt
[3:12-3:16] C_STRING:sss
[3:18-3:28] C_STRING:doesn'tt
[4:1-4:25] C_STRING:to more zelo dobr delat
[5:1-5:12] C_STRING:'''''
EOF:$